Analysis & Synthesis report for Binary_to_Ascii
Mon Nov 02 15:30:23 2020
Quartus Prime Version 19.1.0 Build 670 09/22/2019 SJ Lite Edition


---------------------
; Table of Contents ;
---------------------
  1. Legal Notice
  2. Analysis & Synthesis Summary
  3. Analysis & Synthesis Settings
  4. Parallel Compilation
  5. Analysis & Synthesis Source Files Read
  6. Analysis & Synthesis Resource Usage Summary
  7. Analysis & Synthesis Resource Utilization by Entity
  8. User-Specified and Inferred Latches
  9. Registers Removed During Synthesis
 10. General Register Statistics
 11. Multiplexer Restructuring Statistics (Restructuring Performed)
 12. Post-Synthesis Netlist Statistics for Top Partition
 13. Elapsed Time Per Partition
 14. Analysis & Synthesis Messages
 15. Analysis & Synthesis Suppressed Messages



----------------
; Legal Notice ;
----------------
Copyright (C) 2019  Intel Corporation. All rights reserved.
Your use of Intel Corporation's design tools, logic functions 
and other software and tools, and any partner logic 
functions, and any output files from any of the foregoing 
(including device programming or simulation files), and any 
associated documentation or information are expressly subject 
to the terms and conditions of the Intel Program License 
Subscription Agreement, the Intel Quartus Prime License Agreement,
the Intel FPGA IP License Agreement, or other applicable license
agreement, including, without limitation, that your use is for
the sole purpose of programming logic devices manufactured by
Intel and sold by Intel or its authorized distributors.  Please
refer to the applicable agreement for further details, at
https://fpgasoftware.intel.com/eula.



+----------------------------------------------------------------------------------+
; Analysis & Synthesis Summary                                                     ;
+------------------------------------+---------------------------------------------+
; Analysis & Synthesis Status        ; Successful - Mon Nov 02 15:30:23 2020       ;
; Quartus Prime Version              ; 19.1.0 Build 670 09/22/2019 SJ Lite Edition ;
; Revision Name                      ; Binary_to_Ascii                             ;
; Top-level Entity Name              ; Binary_to_Ascii                             ;
; Family                             ; Cyclone IV E                                ;
; Total logic elements               ; 229                                         ;
;     Total combinational functions  ; 203                                         ;
;     Dedicated logic registers      ; 102                                         ;
; Total registers                    ; 102                                         ;
; Total pins                         ; 69                                          ;
; Total virtual pins                 ; 0                                           ;
; Total memory bits                  ; 0                                           ;
; Embedded Multiplier 9-bit elements ; 0                                           ;
; Total PLLs                         ; 0                                           ;
+------------------------------------+---------------------------------------------+


+------------------------------------------------------------------------------------------------------------+
; Analysis & Synthesis Settings                                                                              ;
+------------------------------------------------------------------+--------------------+--------------------+
; Option                                                           ; Setting            ; Default Value      ;
+------------------------------------------------------------------+--------------------+--------------------+
; Device                                                           ; EP4CE22F17C6       ;                    ;
; Top-level entity name                                            ; Binary_to_Ascii    ; Binary_to_Ascii    ;
; Family name                                                      ; Cyclone IV E       ; Cyclone V          ;
; Use smart compilation                                            ; Off                ; Off                ;
; Enable parallel Assembler and Timing Analyzer during compilation ; On                 ; On                 ;
; Enable compact report table                                      ; Off                ; Off                ;
; Restructure Multiplexers                                         ; Auto               ; Auto               ;
; Create Debugging Nodes for IP Cores                              ; Off                ; Off                ;
; Preserve fewer node names                                        ; On                 ; On                 ;
; Intel FPGA IP Evaluation Mode                                    ; Enable             ; Enable             ;
; Verilog Version                                                  ; Verilog_2001       ; Verilog_2001       ;
; VHDL Version                                                     ; VHDL_1993          ; VHDL_1993          ;
; State Machine Processing                                         ; Auto               ; Auto               ;
; Safe State Machine                                               ; Off                ; Off                ;
; Extract Verilog State Machines                                   ; On                 ; On                 ;
; Extract VHDL State Machines                                      ; On                 ; On                 ;
; Ignore Verilog initial constructs                                ; Off                ; Off                ;
; Iteration limit for constant Verilog loops                       ; 5000               ; 5000               ;
; Iteration limit for non-constant Verilog loops                   ; 250                ; 250                ;
; Add Pass-Through Logic to Inferred RAMs                          ; On                 ; On                 ;
; Infer RAMs from Raw Logic                                        ; On                 ; On                 ;
; Parallel Synthesis                                               ; On                 ; On                 ;
; DSP Block Balancing                                              ; Auto               ; Auto               ;
; NOT Gate Push-Back                                               ; On                 ; On                 ;
; Power-Up Don't Care                                              ; On                 ; On                 ;
; Remove Redundant Logic Cells                                     ; Off                ; Off                ;
; Remove Duplicate Registers                                       ; On                 ; On                 ;
; Ignore CARRY Buffers                                             ; Off                ; Off                ;
; Ignore CASCADE Buffers                                           ; Off                ; Off                ;
; Ignore GLOBAL Buffers                                            ; Off                ; Off                ;
; Ignore ROW GLOBAL Buffers                                        ; Off                ; Off                ;
; Ignore LCELL Buffers                                             ; Off                ; Off                ;
; Ignore SOFT Buffers                                              ; On                 ; On                 ;
; Limit AHDL Integers to 32 Bits                                   ; Off                ; Off                ;
; Optimization Technique                                           ; Balanced           ; Balanced           ;
; Carry Chain Length                                               ; 70                 ; 70                 ;
; Auto Carry Chains                                                ; On                 ; On                 ;
; Auto Open-Drain Pins                                             ; On                 ; On                 ;
; Perform WYSIWYG Primitive Resynthesis                            ; Off                ; Off                ;
; Auto ROM Replacement                                             ; On                 ; On                 ;
; Auto RAM Replacement                                             ; On                 ; On                 ;
; Auto DSP Block Replacement                                       ; On                 ; On                 ;
; Auto Shift Register Replacement                                  ; Auto               ; Auto               ;
; Allow Shift Register Merging across Hierarchies                  ; Auto               ; Auto               ;
; Auto Clock Enable Replacement                                    ; On                 ; On                 ;
; Strict RAM Replacement                                           ; Off                ; Off                ;
; Allow Synchronous Control Signals                                ; On                 ; On                 ;
; Force Use of Synchronous Clear Signals                           ; Off                ; Off                ;
; Auto RAM Block Balancing                                         ; On                 ; On                 ;
; Auto RAM to Logic Cell Conversion                                ; Off                ; Off                ;
; Auto Resource Sharing                                            ; Off                ; Off                ;
; Allow Any RAM Size For Recognition                               ; Off                ; Off                ;
; Allow Any ROM Size For Recognition                               ; Off                ; Off                ;
; Allow Any Shift Register Size For Recognition                    ; Off                ; Off                ;
; Use LogicLock Constraints during Resource Balancing              ; On                 ; On                 ;
; Ignore translate_off and synthesis_off directives                ; Off                ; Off                ;
; Timing-Driven Synthesis                                          ; On                 ; On                 ;
; Report Parameter Settings                                        ; On                 ; On                 ;
; Report Source Assignments                                        ; On                 ; On                 ;
; Report Connectivity Checks                                       ; On                 ; On                 ;
; Ignore Maximum Fan-Out Assignments                               ; Off                ; Off                ;
; Synchronization Register Chain Length                            ; 2                  ; 2                  ;
; Power Optimization During Synthesis                              ; Normal compilation ; Normal compilation ;
; HDL message level                                                ; Level2             ; Level2             ;
; Suppress Register Optimization Related Messages                  ; Off                ; Off                ;
; Number of Removed Registers Reported in Synthesis Report         ; 5000               ; 5000               ;
; Number of Swept Nodes Reported in Synthesis Report               ; 5000               ; 5000               ;
; Number of Inverted Registers Reported in Synthesis Report        ; 100                ; 100                ;
; Clock MUX Protection                                             ; On                 ; On                 ;
; Auto Gated Clock Conversion                                      ; Off                ; Off                ;
; Block Design Naming                                              ; Auto               ; Auto               ;
; SDC constraint protection                                        ; Off                ; Off                ;
; Synthesis Effort                                                 ; Auto               ; Auto               ;
; Shift Register Replacement - Allow Asynchronous Clear Signal     ; On                 ; On                 ;
; Pre-Mapping Resynthesis Optimization                             ; Off                ; Off                ;
; Analysis & Synthesis Message Level                               ; Medium             ; Medium             ;
; Disable Register Merging Across Hierarchies                      ; Auto               ; Auto               ;
; Resource Aware Inference For Block RAM                           ; On                 ; On                 ;
+------------------------------------------------------------------+--------------------+--------------------+


+------------------------------------------+
; Parallel Compilation                     ;
+----------------------------+-------------+
; Processors                 ; Number      ;
+----------------------------+-------------+
; Number detected on machine ; 8           ;
; Maximum allowed            ; 4           ;
;                            ;             ;
; Average used               ; 1.00        ;
; Maximum used               ; 4           ;
;                            ;             ;
; Usage by Processor         ; % Time Used ;
;     Processor 1            ; 100.0%      ;
;     Processor 2            ;   0.0%      ;
;     Processors 3-4         ;   0.0%      ;
+----------------------------+-------------+


+--------------------------------------------------------------------------------------------------------------------------------------------------------------------------------------+
; Analysis & Synthesis Source Files Read                                                                                                                                               ;
+----------------------------------+-----------------+------------------------+----------------------------------------------------------------------------------------------+---------+
; File Name with User-Entered Path ; Used in Netlist ; File Type              ; File Name with Absolute Path                                                                 ; Library ;
+----------------------------------+-----------------+------------------------+----------------------------------------------------------------------------------------------+---------+
; Binary_to_Ascii.v                ; yes             ; User Verilog HDL File  ; C:/Users/Ujjawal Aggarwal/Desktop/E-yantar/Binary_to_Ascii/Binary_to_Ascii/Binary_to_Ascii.v ;         ;
+----------------------------------+-----------------+------------------------+----------------------------------------------------------------------------------------------+---------+


+---------------------------------------------------------+
; Analysis & Synthesis Resource Usage Summary             ;
+---------------------------------------------+-----------+
; Resource                                    ; Usage     ;
+---------------------------------------------+-----------+
; Estimated Total logic elements              ; 229       ;
;                                             ;           ;
; Total combinational functions               ; 203       ;
; Logic element usage by number of LUT inputs ;           ;
;     -- 4 input functions                    ; 47        ;
;     -- 3 input functions                    ; 98        ;
;     -- <=2 input functions                  ; 58        ;
;                                             ;           ;
; Logic elements by mode                      ;           ;
;     -- normal mode                          ; 163       ;
;     -- arithmetic mode                      ; 40        ;
;                                             ;           ;
; Total registers                             ; 102       ;
;     -- Dedicated logic registers            ; 102       ;
;     -- I/O registers                        ; 0         ;
;                                             ;           ;
; I/O pins                                    ; 69        ;
;                                             ;           ;
; Embedded Multiplier 9-bit elements          ; 0         ;
;                                             ;           ;
; Maximum fan-out node                        ; clk~input ;
; Maximum fan-out                             ; 102       ;
; Total fan-out                               ; 977       ;
; Average fan-out                             ; 2.21      ;
+---------------------------------------------+-----------+


+--------------------------------------------------------------------------------------------------------------------------------------------------------------------------------------------------------------+
; Analysis & Synthesis Resource Utilization by Entity                                                                                                                                                          ;
+----------------------------+---------------------+---------------------------+-------------+--------------+---------+-----------+------+--------------+---------------------+-----------------+--------------+
; Compilation Hierarchy Node ; Combinational ALUTs ; Dedicated Logic Registers ; Memory Bits ; DSP Elements ; DSP 9x9 ; DSP 18x18 ; Pins ; Virtual Pins ; Full Hierarchy Name ; Entity Name     ; Library Name ;
+----------------------------+---------------------+---------------------------+-------------+--------------+---------+-----------+------+--------------+---------------------+-----------------+--------------+
; |Binary_to_Ascii           ; 203 (203)           ; 102 (102)                 ; 0           ; 0            ; 0       ; 0         ; 69   ; 0            ; |Binary_to_Ascii    ; Binary_to_Ascii ; work         ;
+----------------------------+---------------------+---------------------------+-------------+--------------+---------+-----------+------+--------------+---------------------+-----------------+--------------+
Note: For table entries with two numbers listed, the numbers in parentheses indicate the number of resources of the given type used by the specific entity alone. The numbers listed outside of parentheses indicate the total resources of the given type used by the specific entity and all of its sub-entities in the hierarchy.


+----------------------------------------------------------------------------------------------------+
; User-Specified and Inferred Latches                                                                ;
+-----------------------------------------------------+---------------------+------------------------+
; Latch Name                                          ; Latch Enable Signal ; Free of Timing Hazards ;
+-----------------------------------------------------+---------------------+------------------------+
; r_int_ascii[0]                                      ; Decoder0            ; yes                    ;
; r_int_ascii[1]                                      ; Decoder0            ; yes                    ;
; r_int_ascii[2]                                      ; Decoder0            ; yes                    ;
; r_int_ascii[3]                                      ; Decoder0            ; yes                    ;
; r_int_ascii[8]                                      ; Decoder0            ; yes                    ;
; r_int_ascii[9]                                      ; Decoder0            ; yes                    ;
; r_int_ascii[10]                                     ; Decoder0            ; yes                    ;
; r_int_ascii[11]                                     ; Decoder0            ; yes                    ;
; r_int_ascii[16]                                     ; Decoder0            ; yes                    ;
; r_int_ascii[17]                                     ; Decoder0            ; yes                    ;
; r_int_ascii[18]                                     ; Decoder0            ; yes                    ;
; r_int_ascii[19]                                     ; Decoder0            ; yes                    ;
; r_int_ascii[24]                                     ; Decoder0            ; yes                    ;
; r_int_ascii[25]                                     ; Decoder0            ; yes                    ;
; r_int_ascii[26]                                     ; Decoder0            ; yes                    ;
; r_int_ascii[27]                                     ; Decoder0            ; yes                    ;
; r_dec_ascii[0]                                      ; r_dec_ascii[0]      ; yes                    ;
; r_dec_ascii[1]                                      ; r_dec_ascii[0]      ; yes                    ;
; r_dec_ascii[2]                                      ; r_dec_ascii[0]      ; yes                    ;
; r_dec_ascii[3]                                      ; r_dec_ascii[0]      ; yes                    ;
; r_dec_ascii[8]                                      ; r_dec_ascii[8]      ; yes                    ;
; r_dec_ascii[9]                                      ; r_dec_ascii[8]      ; yes                    ;
; r_dec_ascii[10]                                     ; r_dec_ascii[8]      ; yes                    ;
; r_dec_ascii[11]                                     ; r_dec_ascii[8]      ; yes                    ;
; i_int1[1]                                           ; Decoder0            ; yes                    ;
; i_int1[0]                                           ; Decoder0            ; yes                    ;
; i_int1[2]                                           ; Decoder0            ; yes                    ;
; i_int1[3]                                           ; Decoder0            ; yes                    ;
; i_dec1[0]                                           ; i_dec1[3]           ; yes                    ;
; i_dec1[1]                                           ; i_dec1[3]           ; yes                    ;
; i_dec1[3]                                           ; i_dec1[3]           ; yes                    ;
; i_dec1[2]                                           ; i_dec1[3]           ; yes                    ;
; Number of user-specified and inferred latches = 32  ;                     ;                        ;
+-----------------------------------------------------+---------------------+------------------------+
Note: All latches listed above may not be present at the end of synthesis due to various synthesis optimizations.


+---------------------------------------------------------------------------------+
; Registers Removed During Synthesis                                              ;
+----------------------------------------+----------------------------------------+
; Register name                          ; Reason for Removal                     ;
+----------------------------------------+----------------------------------------+
; dec_ascii[4]~reg0                      ; Stuck at VCC due to stuck port data_in ;
; dec_ascii[5]~reg0                      ; Stuck at VCC due to stuck port data_in ;
; dec_ascii[6]~reg0                      ; Stuck at GND due to stuck port data_in ;
; dec_ascii[7]~reg0                      ; Stuck at GND due to stuck port data_in ;
; dec_ascii[12]~reg0                     ; Stuck at VCC due to stuck port data_in ;
; dec_ascii[13]~reg0                     ; Stuck at VCC due to stuck port data_in ;
; dec_ascii[14]~reg0                     ; Stuck at GND due to stuck port data_in ;
; dec_ascii[15]~reg0                     ; Stuck at GND due to stuck port data_in ;
; int_ascii[4]~reg0                      ; Stuck at VCC due to stuck port data_in ;
; int_ascii[5]~reg0                      ; Stuck at VCC due to stuck port data_in ;
; int_ascii[6]~reg0                      ; Stuck at GND due to stuck port data_in ;
; int_ascii[7]~reg0                      ; Stuck at GND due to stuck port data_in ;
; int_ascii[12]~reg0                     ; Stuck at VCC due to stuck port data_in ;
; int_ascii[13]~reg0                     ; Stuck at VCC due to stuck port data_in ;
; int_ascii[14]~reg0                     ; Stuck at GND due to stuck port data_in ;
; int_ascii[15]~reg0                     ; Stuck at GND due to stuck port data_in ;
; int_ascii[20]~reg0                     ; Stuck at VCC due to stuck port data_in ;
; int_ascii[21]~reg0                     ; Stuck at VCC due to stuck port data_in ;
; int_ascii[22]~reg0                     ; Stuck at GND due to stuck port data_in ;
; int_ascii[23]~reg0                     ; Stuck at GND due to stuck port data_in ;
; int_ascii[28]~reg0                     ; Stuck at VCC due to stuck port data_in ;
; int_ascii[29]~reg0                     ; Stuck at VCC due to stuck port data_in ;
; int_ascii[30]~reg0                     ; Stuck at GND due to stuck port data_in ;
; int_ascii[31]~reg0                     ; Stuck at GND due to stuck port data_in ;
; Total Number of Removed Registers = 24 ;                                        ;
+----------------------------------------+----------------------------------------+


+------------------------------------------------------+
; General Register Statistics                          ;
+----------------------------------------------+-------+
; Statistic                                    ; Value ;
+----------------------------------------------+-------+
; Total registers                              ; 102   ;
; Number of registers using Synchronous Clear  ; 6     ;
; Number of registers using Synchronous Load   ; 6     ;
; Number of registers using Asynchronous Clear ; 0     ;
; Number of registers using Asynchronous Load  ; 0     ;
; Number of registers using Clock Enable       ; 70    ;
; Number of registers using Preset             ; 0     ;
+----------------------------------------------+-------+


+------------------------------------------------------------------------------------------------------------------------------------------------+
; Multiplexer Restructuring Statistics (Restructuring Performed)                                                                                 ;
+--------------------+-----------+---------------+----------------------+------------------------+------------+----------------------------------+
; Multiplexer Inputs ; Bus Width ; Baseline Area ; Area if Restructured ; Saving if Restructured ; Registered ; Example Multiplexer Output       ;
+--------------------+-----------+---------------+----------------------+------------------------+------------+----------------------------------+
; 3:1                ; 11 bits   ; 22 LEs        ; 11 LEs               ; 11 LEs                 ; Yes        ; |Binary_to_Ascii|r_shift_int[9]  ;
; 3:1                ; 7 bits    ; 14 LEs        ; 7 LEs                ; 7 LEs                  ; Yes        ; |Binary_to_Ascii|r_shift_dec[2]  ;
; 4:1                ; 4 bits    ; 8 LEs         ; 8 LEs                ; 0 LEs                  ; Yes        ; |Binary_to_Ascii|r_shift_int[14] ;
; 4:1                ; 4 bits    ; 8 LEs         ; 8 LEs                ; 0 LEs                  ; Yes        ; |Binary_to_Ascii|r_shift_int[20] ;
; 4:1                ; 4 bits    ; 8 LEs         ; 8 LEs                ; 0 LEs                  ; Yes        ; |Binary_to_Ascii|r_shift_int[21] ;
; 4:1                ; 3 bits    ; 6 LEs         ; 6 LEs                ; 0 LEs                  ; Yes        ; |Binary_to_Ascii|r_shift_int[26] ;
; 4:1                ; 4 bits    ; 8 LEs         ; 8 LEs                ; 0 LEs                  ; Yes        ; |Binary_to_Ascii|r_shift_dec[11] ;
; 4:1                ; 3 bits    ; 6 LEs         ; 6 LEs                ; 0 LEs                  ; Yes        ; |Binary_to_Ascii|r_shift_dec[14] ;
; 4:1                ; 4 bits    ; 8 LEs         ; 8 LEs                ; 0 LEs                  ; No         ; |Binary_to_Ascii|Mux3            ;
+--------------------+-----------+---------------+----------------------+------------------------+------------+----------------------------------+


+-----------------------------------------------------+
; Post-Synthesis Netlist Statistics for Top Partition ;
+-----------------------+-----------------------------+
; Type                  ; Count                       ;
+-----------------------+-----------------------------+
; boundary_port         ; 69                          ;
; cycloneiii_ff         ; 102                         ;
;     ENA               ; 64                          ;
;     ENA SCLR SLD      ; 6                           ;
;     plain             ; 32                          ;
; cycloneiii_lcell_comb ; 205                         ;
;     arith             ; 40                          ;
;         2 data inputs ; 40                          ;
;     normal            ; 165                         ;
;         0 data inputs ; 2                           ;
;         1 data inputs ; 4                           ;
;         2 data inputs ; 14                          ;
;         3 data inputs ; 98                          ;
;         4 data inputs ; 47                          ;
;                       ;                             ;
; Max LUT depth         ; 9.50                        ;
; Average LUT depth     ; 4.38                        ;
+-----------------------+-----------------------------+


+-------------------------------+
; Elapsed Time Per Partition    ;
+----------------+--------------+
; Partition Name ; Elapsed Time ;
+----------------+--------------+
; Top            ; 00:00:00     ;
+----------------+--------------+


+-------------------------------+
; Analysis & Synthesis Messages ;
+-------------------------------+
Info: *******************************************************************
Info: Running Quartus Prime Analysis & Synthesis
    Info: Version 19.1.0 Build 670 09/22/2019 SJ Lite Edition
    Info: Processing started: Mon Nov 02 15:30:15 2020
Info: Command: quartus_map --read_settings_files=on --write_settings_files=off Binary_to_Ascii -c Binary_to_Ascii
Warning (18236): Number of processors has not been specified which may cause overloading on shared machines.  Set the global assignment NUM_PARALLEL_PROCESSORS in your QSF to an appropriate value for best performance.
Info (20030): Parallel compilation is enabled and will use 4 of the 4 processors detected
Info (12021): Found 1 design units, including 1 entities, in source file binary_to_ascii.v
    Info (12023): Found entity 1: Binary_to_Ascii File: C:/Users/Ujjawal Aggarwal/Desktop/E-yantar/Binary_to_Ascii/Binary_to_Ascii/Binary_to_Ascii.v Line: 24
Info (12127): Elaborating entity "Binary_to_Ascii" for the top level hierarchy
Warning (10230): Verilog HDL assignment warning at Binary_to_Ascii.v(76): truncated value with size 32 to match size of target (4) File: C:/Users/Ujjawal Aggarwal/Desktop/E-yantar/Binary_to_Ascii/Binary_to_Ascii/Binary_to_Ascii.v Line: 76
Warning (10230): Verilog HDL assignment warning at Binary_to_Ascii.v(83): truncated value with size 32 to match size of target (16) File: C:/Users/Ujjawal Aggarwal/Desktop/E-yantar/Binary_to_Ascii/Binary_to_Ascii/Binary_to_Ascii.v Line: 83
Warning (10230): Verilog HDL assignment warning at Binary_to_Ascii.v(87): truncated value with size 32 to match size of target (12) File: C:/Users/Ujjawal Aggarwal/Desktop/E-yantar/Binary_to_Ascii/Binary_to_Ascii/Binary_to_Ascii.v Line: 87
Warning (10230): Verilog HDL assignment warning at Binary_to_Ascii.v(91): truncated value with size 32 to match size of target (8) File: C:/Users/Ujjawal Aggarwal/Desktop/E-yantar/Binary_to_Ascii/Binary_to_Ascii/Binary_to_Ascii.v Line: 91
Warning (10230): Verilog HDL assignment warning at Binary_to_Ascii.v(95): truncated value with size 32 to match size of target (4) File: C:/Users/Ujjawal Aggarwal/Desktop/E-yantar/Binary_to_Ascii/Binary_to_Ascii/Binary_to_Ascii.v Line: 95
Warning (10230): Verilog HDL assignment warning at Binary_to_Ascii.v(98): truncated value with size 32 to match size of target (4) File: C:/Users/Ujjawal Aggarwal/Desktop/E-yantar/Binary_to_Ascii/Binary_to_Ascii/Binary_to_Ascii.v Line: 98
Warning (10230): Verilog HDL assignment warning at Binary_to_Ascii.v(126): truncated value with size 32 to match size of target (8) File: C:/Users/Ujjawal Aggarwal/Desktop/E-yantar/Binary_to_Ascii/Binary_to_Ascii/Binary_to_Ascii.v Line: 126
Warning (10230): Verilog HDL assignment warning at Binary_to_Ascii.v(130): truncated value with size 32 to match size of target (4) File: C:/Users/Ujjawal Aggarwal/Desktop/E-yantar/Binary_to_Ascii/Binary_to_Ascii/Binary_to_Ascii.v Line: 130
Warning (10230): Verilog HDL assignment warning at Binary_to_Ascii.v(159): truncated value with size 32 to match size of target (4) File: C:/Users/Ujjawal Aggarwal/Desktop/E-yantar/Binary_to_Ascii/Binary_to_Ascii/Binary_to_Ascii.v Line: 159
Warning (10240): Verilog HDL Always Construct warning at Binary_to_Ascii.v(153): inferring latch(es) for variable "r_int_ascii", which holds its previous value in one or more paths through the always construct File: C:/Users/Ujjawal Aggarwal/Desktop/E-yantar/Binary_to_Ascii/Binary_to_Ascii/Binary_to_Ascii.v Line: 153
Warning (10240): Verilog HDL Always Construct warning at Binary_to_Ascii.v(153): inferring latch(es) for variable "i_int1", which holds its previous value in one or more paths through the always construct File: C:/Users/Ujjawal Aggarwal/Desktop/E-yantar/Binary_to_Ascii/Binary_to_Ascii/Binary_to_Ascii.v Line: 153
Warning (10230): Verilog HDL assignment warning at Binary_to_Ascii.v(173): truncated value with size 32 to match size of target (4) File: C:/Users/Ujjawal Aggarwal/Desktop/E-yantar/Binary_to_Ascii/Binary_to_Ascii/Binary_to_Ascii.v Line: 173
Warning (10240): Verilog HDL Always Construct warning at Binary_to_Ascii.v(168): inferring latch(es) for variable "r_dec_ascii", which holds its previous value in one or more paths through the always construct File: C:/Users/Ujjawal Aggarwal/Desktop/E-yantar/Binary_to_Ascii/Binary_to_Ascii/Binary_to_Ascii.v Line: 168
Warning (10240): Verilog HDL Always Construct warning at Binary_to_Ascii.v(168): inferring latch(es) for variable "i_dec1", which holds its previous value in one or more paths through the always construct File: C:/Users/Ujjawal Aggarwal/Desktop/E-yantar/Binary_to_Ascii/Binary_to_Ascii/Binary_to_Ascii.v Line: 168
Info (10041): Inferred latch for "i_dec1[0]" at Binary_to_Ascii.v(168) File: C:/Users/Ujjawal Aggarwal/Desktop/E-yantar/Binary_to_Ascii/Binary_to_Ascii/Binary_to_Ascii.v Line: 168
Info (10041): Inferred latch for "i_dec1[1]" at Binary_to_Ascii.v(168) File: C:/Users/Ujjawal Aggarwal/Desktop/E-yantar/Binary_to_Ascii/Binary_to_Ascii/Binary_to_Ascii.v Line: 168
Info (10041): Inferred latch for "i_dec1[2]" at Binary_to_Ascii.v(168) File: C:/Users/Ujjawal Aggarwal/Desktop/E-yantar/Binary_to_Ascii/Binary_to_Ascii/Binary_to_Ascii.v Line: 168
Info (10041): Inferred latch for "i_dec1[3]" at Binary_to_Ascii.v(168) File: C:/Users/Ujjawal Aggarwal/Desktop/E-yantar/Binary_to_Ascii/Binary_to_Ascii/Binary_to_Ascii.v Line: 168
Info (10041): Inferred latch for "r_dec_ascii[0]" at Binary_to_Ascii.v(168) File: C:/Users/Ujjawal Aggarwal/Desktop/E-yantar/Binary_to_Ascii/Binary_to_Ascii/Binary_to_Ascii.v Line: 168
Info (10041): Inferred latch for "r_dec_ascii[1]" at Binary_to_Ascii.v(168) File: C:/Users/Ujjawal Aggarwal/Desktop/E-yantar/Binary_to_Ascii/Binary_to_Ascii/Binary_to_Ascii.v Line: 168
Info (10041): Inferred latch for "r_dec_ascii[2]" at Binary_to_Ascii.v(168) File: C:/Users/Ujjawal Aggarwal/Desktop/E-yantar/Binary_to_Ascii/Binary_to_Ascii/Binary_to_Ascii.v Line: 168
Info (10041): Inferred latch for "r_dec_ascii[3]" at Binary_to_Ascii.v(168) File: C:/Users/Ujjawal Aggarwal/Desktop/E-yantar/Binary_to_Ascii/Binary_to_Ascii/Binary_to_Ascii.v Line: 168
Info (10041): Inferred latch for "r_dec_ascii[4]" at Binary_to_Ascii.v(168) File: C:/Users/Ujjawal Aggarwal/Desktop/E-yantar/Binary_to_Ascii/Binary_to_Ascii/Binary_to_Ascii.v Line: 168
Info (10041): Inferred latch for "r_dec_ascii[5]" at Binary_to_Ascii.v(168) File: C:/Users/Ujjawal Aggarwal/Desktop/E-yantar/Binary_to_Ascii/Binary_to_Ascii/Binary_to_Ascii.v Line: 168
Info (10041): Inferred latch for "r_dec_ascii[6]" at Binary_to_Ascii.v(168) File: C:/Users/Ujjawal Aggarwal/Desktop/E-yantar/Binary_to_Ascii/Binary_to_Ascii/Binary_to_Ascii.v Line: 168
Info (10041): Inferred latch for "r_dec_ascii[7]" at Binary_to_Ascii.v(168) File: C:/Users/Ujjawal Aggarwal/Desktop/E-yantar/Binary_to_Ascii/Binary_to_Ascii/Binary_to_Ascii.v Line: 168
Info (10041): Inferred latch for "r_dec_ascii[8]" at Binary_to_Ascii.v(168) File: C:/Users/Ujjawal Aggarwal/Desktop/E-yantar/Binary_to_Ascii/Binary_to_Ascii/Binary_to_Ascii.v Line: 168
Info (10041): Inferred latch for "r_dec_ascii[9]" at Binary_to_Ascii.v(168) File: C:/Users/Ujjawal Aggarwal/Desktop/E-yantar/Binary_to_Ascii/Binary_to_Ascii/Binary_to_Ascii.v Line: 168
Info (10041): Inferred latch for "r_dec_ascii[10]" at Binary_to_Ascii.v(168) File: C:/Users/Ujjawal Aggarwal/Desktop/E-yantar/Binary_to_Ascii/Binary_to_Ascii/Binary_to_Ascii.v Line: 168
Info (10041): Inferred latch for "r_dec_ascii[11]" at Binary_to_Ascii.v(168) File: C:/Users/Ujjawal Aggarwal/Desktop/E-yantar/Binary_to_Ascii/Binary_to_Ascii/Binary_to_Ascii.v Line: 168
Info (10041): Inferred latch for "r_dec_ascii[12]" at Binary_to_Ascii.v(168) File: C:/Users/Ujjawal Aggarwal/Desktop/E-yantar/Binary_to_Ascii/Binary_to_Ascii/Binary_to_Ascii.v Line: 168
Info (10041): Inferred latch for "r_dec_ascii[13]" at Binary_to_Ascii.v(168) File: C:/Users/Ujjawal Aggarwal/Desktop/E-yantar/Binary_to_Ascii/Binary_to_Ascii/Binary_to_Ascii.v Line: 168
Info (10041): Inferred latch for "r_dec_ascii[14]" at Binary_to_Ascii.v(168) File: C:/Users/Ujjawal Aggarwal/Desktop/E-yantar/Binary_to_Ascii/Binary_to_Ascii/Binary_to_Ascii.v Line: 168
Info (10041): Inferred latch for "r_dec_ascii[15]" at Binary_to_Ascii.v(168) File: C:/Users/Ujjawal Aggarwal/Desktop/E-yantar/Binary_to_Ascii/Binary_to_Ascii/Binary_to_Ascii.v Line: 168
Info (10041): Inferred latch for "i_int1[0]" at Binary_to_Ascii.v(153) File: C:/Users/Ujjawal Aggarwal/Desktop/E-yantar/Binary_to_Ascii/Binary_to_Ascii/Binary_to_Ascii.v Line: 153
Info (10041): Inferred latch for "i_int1[1]" at Binary_to_Ascii.v(153) File: C:/Users/Ujjawal Aggarwal/Desktop/E-yantar/Binary_to_Ascii/Binary_to_Ascii/Binary_to_Ascii.v Line: 153
Info (10041): Inferred latch for "i_int1[2]" at Binary_to_Ascii.v(153) File: C:/Users/Ujjawal Aggarwal/Desktop/E-yantar/Binary_to_Ascii/Binary_to_Ascii/Binary_to_Ascii.v Line: 153
Info (10041): Inferred latch for "i_int1[3]" at Binary_to_Ascii.v(153) File: C:/Users/Ujjawal Aggarwal/Desktop/E-yantar/Binary_to_Ascii/Binary_to_Ascii/Binary_to_Ascii.v Line: 153
Info (10041): Inferred latch for "r_int_ascii[0]" at Binary_to_Ascii.v(153) File: C:/Users/Ujjawal Aggarwal/Desktop/E-yantar/Binary_to_Ascii/Binary_to_Ascii/Binary_to_Ascii.v Line: 153
Info (10041): Inferred latch for "r_int_ascii[1]" at Binary_to_Ascii.v(153) File: C:/Users/Ujjawal Aggarwal/Desktop/E-yantar/Binary_to_Ascii/Binary_to_Ascii/Binary_to_Ascii.v Line: 153
Info (10041): Inferred latch for "r_int_ascii[2]" at Binary_to_Ascii.v(153) File: C:/Users/Ujjawal Aggarwal/Desktop/E-yantar/Binary_to_Ascii/Binary_to_Ascii/Binary_to_Ascii.v Line: 153
Info (10041): Inferred latch for "r_int_ascii[3]" at Binary_to_Ascii.v(153) File: C:/Users/Ujjawal Aggarwal/Desktop/E-yantar/Binary_to_Ascii/Binary_to_Ascii/Binary_to_Ascii.v Line: 153
Info (10041): Inferred latch for "r_int_ascii[4]" at Binary_to_Ascii.v(153) File: C:/Users/Ujjawal Aggarwal/Desktop/E-yantar/Binary_to_Ascii/Binary_to_Ascii/Binary_to_Ascii.v Line: 153
Info (10041): Inferred latch for "r_int_ascii[5]" at Binary_to_Ascii.v(153) File: C:/Users/Ujjawal Aggarwal/Desktop/E-yantar/Binary_to_Ascii/Binary_to_Ascii/Binary_to_Ascii.v Line: 153
Info (10041): Inferred latch for "r_int_ascii[6]" at Binary_to_Ascii.v(153) File: C:/Users/Ujjawal Aggarwal/Desktop/E-yantar/Binary_to_Ascii/Binary_to_Ascii/Binary_to_Ascii.v Line: 153
Info (10041): Inferred latch for "r_int_ascii[7]" at Binary_to_Ascii.v(153) File: C:/Users/Ujjawal Aggarwal/Desktop/E-yantar/Binary_to_Ascii/Binary_to_Ascii/Binary_to_Ascii.v Line: 153
Info (10041): Inferred latch for "r_int_ascii[8]" at Binary_to_Ascii.v(153) File: C:/Users/Ujjawal Aggarwal/Desktop/E-yantar/Binary_to_Ascii/Binary_to_Ascii/Binary_to_Ascii.v Line: 153
Info (10041): Inferred latch for "r_int_ascii[9]" at Binary_to_Ascii.v(153) File: C:/Users/Ujjawal Aggarwal/Desktop/E-yantar/Binary_to_Ascii/Binary_to_Ascii/Binary_to_Ascii.v Line: 153
Info (10041): Inferred latch for "r_int_ascii[10]" at Binary_to_Ascii.v(153) File: C:/Users/Ujjawal Aggarwal/Desktop/E-yantar/Binary_to_Ascii/Binary_to_Ascii/Binary_to_Ascii.v Line: 153
Info (10041): Inferred latch for "r_int_ascii[11]" at Binary_to_Ascii.v(153) File: C:/Users/Ujjawal Aggarwal/Desktop/E-yantar/Binary_to_Ascii/Binary_to_Ascii/Binary_to_Ascii.v Line: 153
Info (10041): Inferred latch for "r_int_ascii[12]" at Binary_to_Ascii.v(153) File: C:/Users/Ujjawal Aggarwal/Desktop/E-yantar/Binary_to_Ascii/Binary_to_Ascii/Binary_to_Ascii.v Line: 153
Info (10041): Inferred latch for "r_int_ascii[13]" at Binary_to_Ascii.v(153) File: C:/Users/Ujjawal Aggarwal/Desktop/E-yantar/Binary_to_Ascii/Binary_to_Ascii/Binary_to_Ascii.v Line: 153
Info (10041): Inferred latch for "r_int_ascii[14]" at Binary_to_Ascii.v(153) File: C:/Users/Ujjawal Aggarwal/Desktop/E-yantar/Binary_to_Ascii/Binary_to_Ascii/Binary_to_Ascii.v Line: 153
Info (10041): Inferred latch for "r_int_ascii[15]" at Binary_to_Ascii.v(153) File: C:/Users/Ujjawal Aggarwal/Desktop/E-yantar/Binary_to_Ascii/Binary_to_Ascii/Binary_to_Ascii.v Line: 153
Info (10041): Inferred latch for "r_int_ascii[16]" at Binary_to_Ascii.v(153) File: C:/Users/Ujjawal Aggarwal/Desktop/E-yantar/Binary_to_Ascii/Binary_to_Ascii/Binary_to_Ascii.v Line: 153
Info (10041): Inferred latch for "r_int_ascii[17]" at Binary_to_Ascii.v(153) File: C:/Users/Ujjawal Aggarwal/Desktop/E-yantar/Binary_to_Ascii/Binary_to_Ascii/Binary_to_Ascii.v Line: 153
Info (10041): Inferred latch for "r_int_ascii[18]" at Binary_to_Ascii.v(153) File: C:/Users/Ujjawal Aggarwal/Desktop/E-yantar/Binary_to_Ascii/Binary_to_Ascii/Binary_to_Ascii.v Line: 153
Info (10041): Inferred latch for "r_int_ascii[19]" at Binary_to_Ascii.v(153) File: C:/Users/Ujjawal Aggarwal/Desktop/E-yantar/Binary_to_Ascii/Binary_to_Ascii/Binary_to_Ascii.v Line: 153
Info (10041): Inferred latch for "r_int_ascii[20]" at Binary_to_Ascii.v(153) File: C:/Users/Ujjawal Aggarwal/Desktop/E-yantar/Binary_to_Ascii/Binary_to_Ascii/Binary_to_Ascii.v Line: 153
Info (10041): Inferred latch for "r_int_ascii[21]" at Binary_to_Ascii.v(153) File: C:/Users/Ujjawal Aggarwal/Desktop/E-yantar/Binary_to_Ascii/Binary_to_Ascii/Binary_to_Ascii.v Line: 153
Info (10041): Inferred latch for "r_int_ascii[22]" at Binary_to_Ascii.v(153) File: C:/Users/Ujjawal Aggarwal/Desktop/E-yantar/Binary_to_Ascii/Binary_to_Ascii/Binary_to_Ascii.v Line: 153
Info (10041): Inferred latch for "r_int_ascii[23]" at Binary_to_Ascii.v(153) File: C:/Users/Ujjawal Aggarwal/Desktop/E-yantar/Binary_to_Ascii/Binary_to_Ascii/Binary_to_Ascii.v Line: 153
Info (10041): Inferred latch for "r_int_ascii[24]" at Binary_to_Ascii.v(153) File: C:/Users/Ujjawal Aggarwal/Desktop/E-yantar/Binary_to_Ascii/Binary_to_Ascii/Binary_to_Ascii.v Line: 153
Info (10041): Inferred latch for "r_int_ascii[25]" at Binary_to_Ascii.v(153) File: C:/Users/Ujjawal Aggarwal/Desktop/E-yantar/Binary_to_Ascii/Binary_to_Ascii/Binary_to_Ascii.v Line: 153
Info (10041): Inferred latch for "r_int_ascii[26]" at Binary_to_Ascii.v(153) File: C:/Users/Ujjawal Aggarwal/Desktop/E-yantar/Binary_to_Ascii/Binary_to_Ascii/Binary_to_Ascii.v Line: 153
Info (10041): Inferred latch for "r_int_ascii[27]" at Binary_to_Ascii.v(153) File: C:/Users/Ujjawal Aggarwal/Desktop/E-yantar/Binary_to_Ascii/Binary_to_Ascii/Binary_to_Ascii.v Line: 153
Info (10041): Inferred latch for "r_int_ascii[28]" at Binary_to_Ascii.v(153) File: C:/Users/Ujjawal Aggarwal/Desktop/E-yantar/Binary_to_Ascii/Binary_to_Ascii/Binary_to_Ascii.v Line: 153
Info (10041): Inferred latch for "r_int_ascii[29]" at Binary_to_Ascii.v(153) File: C:/Users/Ujjawal Aggarwal/Desktop/E-yantar/Binary_to_Ascii/Binary_to_Ascii/Binary_to_Ascii.v Line: 153
Info (10041): Inferred latch for "r_int_ascii[30]" at Binary_to_Ascii.v(153) File: C:/Users/Ujjawal Aggarwal/Desktop/E-yantar/Binary_to_Ascii/Binary_to_Ascii/Binary_to_Ascii.v Line: 153
Info (10041): Inferred latch for "r_int_ascii[31]" at Binary_to_Ascii.v(153) File: C:/Users/Ujjawal Aggarwal/Desktop/E-yantar/Binary_to_Ascii/Binary_to_Ascii/Binary_to_Ascii.v Line: 153
Warning (13012): Latch r_int_ascii[0] has unsafe behavior File: C:/Users/Ujjawal Aggarwal/Desktop/E-yantar/Binary_to_Ascii/Binary_to_Ascii/Binary_to_Ascii.v Line: 153
    Warning (13013): Ports D and ENA on the latch are fed by the same signal i_int1[1] File: C:/Users/Ujjawal Aggarwal/Desktop/E-yantar/Binary_to_Ascii/Binary_to_Ascii/Binary_to_Ascii.v Line: 153
Warning (13012): Latch r_int_ascii[1] has unsafe behavior File: C:/Users/Ujjawal Aggarwal/Desktop/E-yantar/Binary_to_Ascii/Binary_to_Ascii/Binary_to_Ascii.v Line: 153
    Warning (13013): Ports D and ENA on the latch are fed by the same signal i_int1[1] File: C:/Users/Ujjawal Aggarwal/Desktop/E-yantar/Binary_to_Ascii/Binary_to_Ascii/Binary_to_Ascii.v Line: 153
Warning (13012): Latch r_int_ascii[2] has unsafe behavior File: C:/Users/Ujjawal Aggarwal/Desktop/E-yantar/Binary_to_Ascii/Binary_to_Ascii/Binary_to_Ascii.v Line: 153
    Warning (13013): Ports D and ENA on the latch are fed by the same signal i_int1[0] File: C:/Users/Ujjawal Aggarwal/Desktop/E-yantar/Binary_to_Ascii/Binary_to_Ascii/Binary_to_Ascii.v Line: 153
Warning (13012): Latch r_int_ascii[3] has unsafe behavior File: C:/Users/Ujjawal Aggarwal/Desktop/E-yantar/Binary_to_Ascii/Binary_to_Ascii/Binary_to_Ascii.v Line: 153
    Warning (13013): Ports D and ENA on the latch are fed by the same signal i_int1[1] File: C:/Users/Ujjawal Aggarwal/Desktop/E-yantar/Binary_to_Ascii/Binary_to_Ascii/Binary_to_Ascii.v Line: 153
Warning (13012): Latch r_int_ascii[8] has unsafe behavior File: C:/Users/Ujjawal Aggarwal/Desktop/E-yantar/Binary_to_Ascii/Binary_to_Ascii/Binary_to_Ascii.v Line: 153
    Warning (13013): Ports D and ENA on the latch are fed by the same signal i_int1[1] File: C:/Users/Ujjawal Aggarwal/Desktop/E-yantar/Binary_to_Ascii/Binary_to_Ascii/Binary_to_Ascii.v Line: 153
Warning (13012): Latch r_int_ascii[9] has unsafe behavior File: C:/Users/Ujjawal Aggarwal/Desktop/E-yantar/Binary_to_Ascii/Binary_to_Ascii/Binary_to_Ascii.v Line: 153
    Warning (13013): Ports D and ENA on the latch are fed by the same signal i_int1[1] File: C:/Users/Ujjawal Aggarwal/Desktop/E-yantar/Binary_to_Ascii/Binary_to_Ascii/Binary_to_Ascii.v Line: 153
Warning (13012): Latch r_int_ascii[10] has unsafe behavior File: C:/Users/Ujjawal Aggarwal/Desktop/E-yantar/Binary_to_Ascii/Binary_to_Ascii/Binary_to_Ascii.v Line: 153
    Warning (13013): Ports D and ENA on the latch are fed by the same signal i_int1[0] File: C:/Users/Ujjawal Aggarwal/Desktop/E-yantar/Binary_to_Ascii/Binary_to_Ascii/Binary_to_Ascii.v Line: 153
Warning (13012): Latch r_int_ascii[11] has unsafe behavior File: C:/Users/Ujjawal Aggarwal/Desktop/E-yantar/Binary_to_Ascii/Binary_to_Ascii/Binary_to_Ascii.v Line: 153
    Warning (13013): Ports D and ENA on the latch are fed by the same signal i_int1[1] File: C:/Users/Ujjawal Aggarwal/Desktop/E-yantar/Binary_to_Ascii/Binary_to_Ascii/Binary_to_Ascii.v Line: 153
Warning (13012): Latch r_int_ascii[16] has unsafe behavior File: C:/Users/Ujjawal Aggarwal/Desktop/E-yantar/Binary_to_Ascii/Binary_to_Ascii/Binary_to_Ascii.v Line: 153
    Warning (13013): Ports D and ENA on the latch are fed by the same signal i_int1[1] File: C:/Users/Ujjawal Aggarwal/Desktop/E-yantar/Binary_to_Ascii/Binary_to_Ascii/Binary_to_Ascii.v Line: 153
Warning (13012): Latch r_int_ascii[17] has unsafe behavior File: C:/Users/Ujjawal Aggarwal/Desktop/E-yantar/Binary_to_Ascii/Binary_to_Ascii/Binary_to_Ascii.v Line: 153
    Warning (13013): Ports D and ENA on the latch are fed by the same signal i_int1[1] File: C:/Users/Ujjawal Aggarwal/Desktop/E-yantar/Binary_to_Ascii/Binary_to_Ascii/Binary_to_Ascii.v Line: 153
Warning (13012): Latch r_int_ascii[18] has unsafe behavior File: C:/Users/Ujjawal Aggarwal/Desktop/E-yantar/Binary_to_Ascii/Binary_to_Ascii/Binary_to_Ascii.v Line: 153
    Warning (13013): Ports D and ENA on the latch are fed by the same signal i_int1[0] File: C:/Users/Ujjawal Aggarwal/Desktop/E-yantar/Binary_to_Ascii/Binary_to_Ascii/Binary_to_Ascii.v Line: 153
Warning (13012): Latch r_int_ascii[19] has unsafe behavior File: C:/Users/Ujjawal Aggarwal/Desktop/E-yantar/Binary_to_Ascii/Binary_to_Ascii/Binary_to_Ascii.v Line: 153
    Warning (13013): Ports D and ENA on the latch are fed by the same signal i_int1[1] File: C:/Users/Ujjawal Aggarwal/Desktop/E-yantar/Binary_to_Ascii/Binary_to_Ascii/Binary_to_Ascii.v Line: 153
Warning (13012): Latch r_int_ascii[24] has unsafe behavior File: C:/Users/Ujjawal Aggarwal/Desktop/E-yantar/Binary_to_Ascii/Binary_to_Ascii/Binary_to_Ascii.v Line: 153
    Warning (13013): Ports D and ENA on the latch are fed by the same signal i_int1[1] File: C:/Users/Ujjawal Aggarwal/Desktop/E-yantar/Binary_to_Ascii/Binary_to_Ascii/Binary_to_Ascii.v Line: 153
Warning (13012): Latch r_int_ascii[25] has unsafe behavior File: C:/Users/Ujjawal Aggarwal/Desktop/E-yantar/Binary_to_Ascii/Binary_to_Ascii/Binary_to_Ascii.v Line: 153
    Warning (13013): Ports D and ENA on the latch are fed by the same signal i_int1[1] File: C:/Users/Ujjawal Aggarwal/Desktop/E-yantar/Binary_to_Ascii/Binary_to_Ascii/Binary_to_Ascii.v Line: 153
Warning (13012): Latch r_int_ascii[26] has unsafe behavior File: C:/Users/Ujjawal Aggarwal/Desktop/E-yantar/Binary_to_Ascii/Binary_to_Ascii/Binary_to_Ascii.v Line: 153
    Warning (13013): Ports D and ENA on the latch are fed by the same signal i_int1[0] File: C:/Users/Ujjawal Aggarwal/Desktop/E-yantar/Binary_to_Ascii/Binary_to_Ascii/Binary_to_Ascii.v Line: 153
Warning (13012): Latch r_int_ascii[27] has unsafe behavior File: C:/Users/Ujjawal Aggarwal/Desktop/E-yantar/Binary_to_Ascii/Binary_to_Ascii/Binary_to_Ascii.v Line: 153
    Warning (13013): Ports D and ENA on the latch are fed by the same signal i_int1[1] File: C:/Users/Ujjawal Aggarwal/Desktop/E-yantar/Binary_to_Ascii/Binary_to_Ascii/Binary_to_Ascii.v Line: 153
Warning (13012): Latch r_dec_ascii[0] has unsafe behavior File: C:/Users/Ujjawal Aggarwal/Desktop/E-yantar/Binary_to_Ascii/Binary_to_Ascii/Binary_to_Ascii.v Line: 168
    Warning (13013): Ports D and ENA on the latch are fed by the same signal i_dec1[0] File: C:/Users/Ujjawal Aggarwal/Desktop/E-yantar/Binary_to_Ascii/Binary_to_Ascii/Binary_to_Ascii.v Line: 168
Warning (13012): Latch r_dec_ascii[1] has unsafe behavior File: C:/Users/Ujjawal Aggarwal/Desktop/E-yantar/Binary_to_Ascii/Binary_to_Ascii/Binary_to_Ascii.v Line: 168
    Warning (13013): Ports D and ENA on the latch are fed by the same signal i_dec1[0] File: C:/Users/Ujjawal Aggarwal/Desktop/E-yantar/Binary_to_Ascii/Binary_to_Ascii/Binary_to_Ascii.v Line: 168
Warning (13012): Latch r_dec_ascii[2] has unsafe behavior File: C:/Users/Ujjawal Aggarwal/Desktop/E-yantar/Binary_to_Ascii/Binary_to_Ascii/Binary_to_Ascii.v Line: 168
    Warning (13013): Ports D and ENA on the latch are fed by the same signal i_dec1[0] File: C:/Users/Ujjawal Aggarwal/Desktop/E-yantar/Binary_to_Ascii/Binary_to_Ascii/Binary_to_Ascii.v Line: 168
Warning (13012): Latch r_dec_ascii[3] has unsafe behavior File: C:/Users/Ujjawal Aggarwal/Desktop/E-yantar/Binary_to_Ascii/Binary_to_Ascii/Binary_to_Ascii.v Line: 168
    Warning (13013): Ports D and ENA on the latch are fed by the same signal i_dec1[0] File: C:/Users/Ujjawal Aggarwal/Desktop/E-yantar/Binary_to_Ascii/Binary_to_Ascii/Binary_to_Ascii.v Line: 168
Warning (13012): Latch r_dec_ascii[8] has unsafe behavior File: C:/Users/Ujjawal Aggarwal/Desktop/E-yantar/Binary_to_Ascii/Binary_to_Ascii/Binary_to_Ascii.v Line: 168
    Warning (13013): Ports D and ENA on the latch are fed by the same signal i_dec1[0] File: C:/Users/Ujjawal Aggarwal/Desktop/E-yantar/Binary_to_Ascii/Binary_to_Ascii/Binary_to_Ascii.v Line: 168
Warning (13012): Latch r_dec_ascii[9] has unsafe behavior File: C:/Users/Ujjawal Aggarwal/Desktop/E-yantar/Binary_to_Ascii/Binary_to_Ascii/Binary_to_Ascii.v Line: 168
    Warning (13013): Ports D and ENA on the latch are fed by the same signal i_dec1[0] File: C:/Users/Ujjawal Aggarwal/Desktop/E-yantar/Binary_to_Ascii/Binary_to_Ascii/Binary_to_Ascii.v Line: 168
Warning (13012): Latch r_dec_ascii[10] has unsafe behavior File: C:/Users/Ujjawal Aggarwal/Desktop/E-yantar/Binary_to_Ascii/Binary_to_Ascii/Binary_to_Ascii.v Line: 168
    Warning (13013): Ports D and ENA on the latch are fed by the same signal i_dec1[0] File: C:/Users/Ujjawal Aggarwal/Desktop/E-yantar/Binary_to_Ascii/Binary_to_Ascii/Binary_to_Ascii.v Line: 168
Warning (13012): Latch r_dec_ascii[11] has unsafe behavior File: C:/Users/Ujjawal Aggarwal/Desktop/E-yantar/Binary_to_Ascii/Binary_to_Ascii/Binary_to_Ascii.v Line: 168
    Warning (13013): Ports D and ENA on the latch are fed by the same signal i_dec1[0] File: C:/Users/Ujjawal Aggarwal/Desktop/E-yantar/Binary_to_Ascii/Binary_to_Ascii/Binary_to_Ascii.v Line: 168
Warning (13012): Latch i_int1[2] has unsafe behavior File: C:/Users/Ujjawal Aggarwal/Desktop/E-yantar/Binary_to_Ascii/Binary_to_Ascii/Binary_to_Ascii.v Line: 153
    Warning (13013): Ports D and ENA on the latch are fed by the same signal i_int1[2] File: C:/Users/Ujjawal Aggarwal/Desktop/E-yantar/Binary_to_Ascii/Binary_to_Ascii/Binary_to_Ascii.v Line: 153
Warning (13012): Latch i_int1[3] has unsafe behavior File: C:/Users/Ujjawal Aggarwal/Desktop/E-yantar/Binary_to_Ascii/Binary_to_Ascii/Binary_to_Ascii.v Line: 153
    Warning (13013): Ports D and ENA on the latch are fed by the same signal i_int1[3] File: C:/Users/Ujjawal Aggarwal/Desktop/E-yantar/Binary_to_Ascii/Binary_to_Ascii/Binary_to_Ascii.v Line: 153
Warning (13012): Latch i_dec1[1] has unsafe behavior File: C:/Users/Ujjawal Aggarwal/Desktop/E-yantar/Binary_to_Ascii/Binary_to_Ascii/Binary_to_Ascii.v Line: 168
    Warning (13013): Ports D and ENA on the latch are fed by the same signal i_dec1[1] File: C:/Users/Ujjawal Aggarwal/Desktop/E-yantar/Binary_to_Ascii/Binary_to_Ascii/Binary_to_Ascii.v Line: 168
Warning (13012): Latch i_dec1[3] has unsafe behavior File: C:/Users/Ujjawal Aggarwal/Desktop/E-yantar/Binary_to_Ascii/Binary_to_Ascii/Binary_to_Ascii.v Line: 168
    Warning (13013): Ports D and ENA on the latch are fed by the same signal i_dec1[3] File: C:/Users/Ujjawal Aggarwal/Desktop/E-yantar/Binary_to_Ascii/Binary_to_Ascii/Binary_to_Ascii.v Line: 168
Warning (13012): Latch i_dec1[2] has unsafe behavior File: C:/Users/Ujjawal Aggarwal/Desktop/E-yantar/Binary_to_Ascii/Binary_to_Ascii/Binary_to_Ascii.v Line: 168
    Warning (13013): Ports D and ENA on the latch are fed by the same signal i_dec1[2] File: C:/Users/Ujjawal Aggarwal/Desktop/E-yantar/Binary_to_Ascii/Binary_to_Ascii/Binary_to_Ascii.v Line: 168
Warning (13024): Output pins are stuck at VCC or GND
    Warning (13410): Pin "int_ascii[4]" is stuck at VCC File: C:/Users/Ujjawal Aggarwal/Desktop/E-yantar/Binary_to_Ascii/Binary_to_Ascii/Binary_to_Ascii.v Line: 61
    Warning (13410): Pin "int_ascii[5]" is stuck at VCC File: C:/Users/Ujjawal Aggarwal/Desktop/E-yantar/Binary_to_Ascii/Binary_to_Ascii/Binary_to_Ascii.v Line: 61
    Warning (13410): Pin "int_ascii[6]" is stuck at GND File: C:/Users/Ujjawal Aggarwal/Desktop/E-yantar/Binary_to_Ascii/Binary_to_Ascii/Binary_to_Ascii.v Line: 61
    Warning (13410): Pin "int_ascii[7]" is stuck at GND File: C:/Users/Ujjawal Aggarwal/Desktop/E-yantar/Binary_to_Ascii/Binary_to_Ascii/Binary_to_Ascii.v Line: 61
    Warning (13410): Pin "int_ascii[12]" is stuck at VCC File: C:/Users/Ujjawal Aggarwal/Desktop/E-yantar/Binary_to_Ascii/Binary_to_Ascii/Binary_to_Ascii.v Line: 61
    Warning (13410): Pin "int_ascii[13]" is stuck at VCC File: C:/Users/Ujjawal Aggarwal/Desktop/E-yantar/Binary_to_Ascii/Binary_to_Ascii/Binary_to_Ascii.v Line: 61
    Warning (13410): Pin "int_ascii[14]" is stuck at GND File: C:/Users/Ujjawal Aggarwal/Desktop/E-yantar/Binary_to_Ascii/Binary_to_Ascii/Binary_to_Ascii.v Line: 61
    Warning (13410): Pin "int_ascii[15]" is stuck at GND File: C:/Users/Ujjawal Aggarwal/Desktop/E-yantar/Binary_to_Ascii/Binary_to_Ascii/Binary_to_Ascii.v Line: 61
    Warning (13410): Pin "int_ascii[20]" is stuck at VCC File: C:/Users/Ujjawal Aggarwal/Desktop/E-yantar/Binary_to_Ascii/Binary_to_Ascii/Binary_to_Ascii.v Line: 61
    Warning (13410): Pin "int_ascii[21]" is stuck at VCC File: C:/Users/Ujjawal Aggarwal/Desktop/E-yantar/Binary_to_Ascii/Binary_to_Ascii/Binary_to_Ascii.v Line: 61
    Warning (13410): Pin "int_ascii[22]" is stuck at GND File: C:/Users/Ujjawal Aggarwal/Desktop/E-yantar/Binary_to_Ascii/Binary_to_Ascii/Binary_to_Ascii.v Line: 61
    Warning (13410): Pin "int_ascii[23]" is stuck at GND File: C:/Users/Ujjawal Aggarwal/Desktop/E-yantar/Binary_to_Ascii/Binary_to_Ascii/Binary_to_Ascii.v Line: 61
    Warning (13410): Pin "int_ascii[28]" is stuck at VCC File: C:/Users/Ujjawal Aggarwal/Desktop/E-yantar/Binary_to_Ascii/Binary_to_Ascii/Binary_to_Ascii.v Line: 61
    Warning (13410): Pin "int_ascii[29]" is stuck at VCC File: C:/Users/Ujjawal Aggarwal/Desktop/E-yantar/Binary_to_Ascii/Binary_to_Ascii/Binary_to_Ascii.v Line: 61
    Warning (13410): Pin "int_ascii[30]" is stuck at GND File: C:/Users/Ujjawal Aggarwal/Desktop/E-yantar/Binary_to_Ascii/Binary_to_Ascii/Binary_to_Ascii.v Line: 61
    Warning (13410): Pin "int_ascii[31]" is stuck at GND File: C:/Users/Ujjawal Aggarwal/Desktop/E-yantar/Binary_to_Ascii/Binary_to_Ascii/Binary_to_Ascii.v Line: 61
    Warning (13410): Pin "dec_ascii[4]" is stuck at VCC File: C:/Users/Ujjawal Aggarwal/Desktop/E-yantar/Binary_to_Ascii/Binary_to_Ascii/Binary_to_Ascii.v Line: 61
    Warning (13410): Pin "dec_ascii[5]" is stuck at VCC File: C:/Users/Ujjawal Aggarwal/Desktop/E-yantar/Binary_to_Ascii/Binary_to_Ascii/Binary_to_Ascii.v Line: 61
    Warning (13410): Pin "dec_ascii[6]" is stuck at GND File: C:/Users/Ujjawal Aggarwal/Desktop/E-yantar/Binary_to_Ascii/Binary_to_Ascii/Binary_to_Ascii.v Line: 61
    Warning (13410): Pin "dec_ascii[7]" is stuck at GND File: C:/Users/Ujjawal Aggarwal/Desktop/E-yantar/Binary_to_Ascii/Binary_to_Ascii/Binary_to_Ascii.v Line: 61
    Warning (13410): Pin "dec_ascii[12]" is stuck at VCC File: C:/Users/Ujjawal Aggarwal/Desktop/E-yantar/Binary_to_Ascii/Binary_to_Ascii/Binary_to_Ascii.v Line: 61
    Warning (13410): Pin "dec_ascii[13]" is stuck at VCC File: C:/Users/Ujjawal Aggarwal/Desktop/E-yantar/Binary_to_Ascii/Binary_to_Ascii/Binary_to_Ascii.v Line: 61
    Warning (13410): Pin "dec_ascii[14]" is stuck at GND File: C:/Users/Ujjawal Aggarwal/Desktop/E-yantar/Binary_to_Ascii/Binary_to_Ascii/Binary_to_Ascii.v Line: 61
    Warning (13410): Pin "dec_ascii[15]" is stuck at GND File: C:/Users/Ujjawal Aggarwal/Desktop/E-yantar/Binary_to_Ascii/Binary_to_Ascii/Binary_to_Ascii.v Line: 61
Info (286030): Timing-Driven Synthesis is running
Info (144001): Generated suppressed messages file C:/Users/Ujjawal Aggarwal/Desktop/E-yantar/Binary_to_Ascii/Binary_to_Ascii/output_files/Binary_to_Ascii.map.smsg
Info (16010): Generating hard_block partition "hard_block:auto_generated_inst"
    Info (16011): Adding 0 node(s), including 0 DDIO, 0 PLL, 0 transceiver and 0 LCELL
Info (21057): Implemented 328 device resources after synthesis - the final resource count might be different
    Info (21058): Implemented 21 input pins
    Info (21059): Implemented 48 output pins
    Info (21061): Implemented 259 logic cells
Info: Quartus Prime Analysis & Synthesis was successful. 0 errors, 98 warnings
    Info: Peak virtual memory: 4775 megabytes
    Info: Processing ended: Mon Nov 02 15:30:23 2020
    Info: Elapsed time: 00:00:08
    Info: Total CPU time (on all processors): 00:00:18


+------------------------------------------+
; Analysis & Synthesis Suppressed Messages ;
+------------------------------------------+
The suppressed messages can be found in C:/Users/Ujjawal Aggarwal/Desktop/E-yantar/Binary_to_Ascii/Binary_to_Ascii/output_files/Binary_to_Ascii.map.smsg.


